// Jest Snapshot v1, https://goo.gl/fbAQLP

exports[`renders correctly 1`] = `
.c0 {
  position: fixed;
  top: 0;
  left: 0;
  width: 100%;
  height: 100%;
  display: -webkit-box;
  display: -webkit-flex;
  display: -ms-flexbox;
  display: flex;
  -webkit-box-pack: center;
  -webkit-justify-content: center;
  -ms-flex-pack: center;
  justify-content: center;
  -webkit-align-items: center;
  -webkit-box-align: center;
  -ms-flex-align: center;
  align-items: center;
}

.c1 {
  width: 400px;
  max-width: calc(100% - 40px);
  padding: 40px;
  text-align: center;
}

<div
  className="c0"
>
  <div
    className="c1"
  />
</div>
`;
